// Jest Snapshot v1, https://goo.gl/fbAQLP

exports[`inflects 1`] = `
{
  "plural": {
    "accusative": "mēnešus",
    "dative": "mēnešiem",
    "genitive": "mēnešu",
    "instrumental": "ar mēnešiem",
    "locative": "mēnešos",
    "nominative": "mēneši",
    "vocative": "mēneši",
  },
  "singular": {
    "accusative": "mēnesi",
    "dative": "mēnesim",
    "genitive": "mēneša",
    "instrumental": "ar mēnesi",
    "locative": "mēnesī",
    "nominative": "mēnesis",
    "vocative": "mēnesi",
  },
}
`;
